// Jest Snapshot v1, https://goo.gl/fbAQLP

exports[`1. it should return the correct values 1`] = `
Object {
  "contents": "contents of the JWT",
}
`;
